usage: templates versions

Manage different versions of the specified template- List versions of a specific template:                                       

      $ coder templates versions list my-template
 
Subcommands
      list    List all the versions of the specified template
