usage: coder show <workspace>

Display details of a workspace's resources and agents
