Usage: coder stop <workspace>

Stop a workspace

 Options
 
    --yes, -y, $CODER_SKIP_PROMPT 
    Bypass prompts

