Usage: coder templates pull <name> [destination]

Download the latest version of a template to a path.

 Options
 
    --tar (default: false) 
    output the template as a tar archive to stdout

    --yes, -y, $CODER_SKIP_PROMPT 
    Bypass prompts

