usage: schedule show <workspace-name>

Show workspace scheduleShows the following information for the given workspace:
  * The automatic start schedule
  * The next scheduled start time
  * The duration after which it will stop
  * The next scheduled stop time
 
