usage: coder start <workspace>

Start a workspace
Options
 
    --yes, -y, $CODER_SKIP_PROMPT 
    Bypass prompts

