Usage: coder templates plan <directory>

Plan a template push from the current directory

 