usage: server postgres-builtin-serve

Run the built-in PostgreSQL deployment.
Options
 
    --raw-url (default: false) 
    Output the raw connection URL instead of a psql command.

