usage: coder logout

Unauthenticate your local session
Options
 
    --yes, -y, $CODER_SKIP_PROMPT 
    Bypass prompts

