Usage: coder version

Show coder version

---
Report bugs and request features at https://github.com/coder/coder/issues/new
