Usage: coder tokens remove [name]

Delete a token

---
Report bugs and request features at https://github.com/coder/coder/issues/new
