Usage: coder users activate <username|user_id>

Update a user's status to 'active'. Active users can fully interact with the
platform

$ coder users activate example_user
Options
    --column, -c (default: username,email,created_at,status) 
        Specify a column to filter in the table.

---
Report bugs and request features at https://github.com/coder/coder/issues/new
