Usage: coder ping <workspace>

Ping a workspace

Options
    --verbose, -v
        Enables verbose logging.

    --wait
        Specifies how long to wait between pings.

    --timeout, -t (default: 5s) 
        Specifies how long to wait for a ping to complete.

    --num, -n (default: 10) 
        Specifies the number of pings to perform.

---
Report bugs and request features at https://github.com/coder/coder/issues/new
