Usage: coder rename <workspace> <new name>

Rename a workspace

Options
    --yes, -y, $CODER_SKIP_PROMPT 
        Bypass prompts

---
Report bugs and request features at https://github.com/coder/coder/issues/new
