Usage: coder templates delete [name...]

Delete templates


 
Options
 
    --yes, -y, $CODER_SKIP_PROMPT 
    Bypass prompts

